
> vitae@0.1.0 test
> ./node_modules/.bin/jest

PASS __tests__/auth/sign-in.test.tsx
PASS __tests__/versions/version-tree.test.tsx
(node:36059) Warning: `--localstorage-file` was provided without a valid path
(Use `node --trace-warnings ...` to show where the warning was created)
PASS __tests__/typst/compile-route.error.test.ts
PASS __tests__/working-state/interaction.test.tsx
PASS __tests__/home/home-page.test.tsx
PASS __tests__/resume-builder/version-display.test.tsx
PASS __tests__/typst/ResumePreview.error.test.tsx
PASS __tests__/auth/sign-up.test.tsx
PASS __tests__/resume-builder/resume-builder.test.tsx
PASS __tests__/canon/api.test.ts
PASS __tests__/versions/tree-data.test.ts
PASS __tests__/versions/SaveResumeButton.test.tsx
PASS __tests__/tailor/tailor-rerank.test.tsx
PASS __tests__/working-state/api.test.ts
PASS __tests__/versions/restore-with-archive.test.ts
PASS __tests__/simple.test.js
PASS __tests__/typst/view-model.test.ts
FAIL __tests__/resume-builder/resume-reorder.test.tsx
  ● Test suite failed to run

    Configuration error:

    Could not locate module @/app/resume/ResumeBuilderPreview mapped as:
    /Users/berat/Projects/CSE115A/vitae/$1.

    Please check your configuration for these entries:
    {
      "moduleNameMapper": {
        "/^@\/(.*)$/": "/Users/berat/Projects/CSE115A/vitae/$1"
      },
      "resolver": undefined
    }

      12 | })
      13 |
    > 14 | jest.mock("@/app/resume/ResumeBuilderPreview", () => ({
         |      ^
      15 |   ResumeBuilderPreview: ({ sections, profile }: any) => (
      16 |     <div data-testid="resume-preview">
      17 |       <div>Preview for {profile.name}</div>

      at createNoMappedModuleFoundError (node_modules/jest-resolve/build/index.js:1117:17)
      at Object.mock (__tests__/resume-builder/resume-reorder.test.tsx:14:6)

FAIL __tests__/resume-builder/edit-override.test.tsx
  ● Override Integration Flow › renders edit buttons for each DragItem

    Configuration error:

    Could not locate module @/lib/resume-builder/DragItem mapped as:
    /Users/berat/Projects/CSE115A/vitae/$1.

    Please check your configuration for these entries:
    {
      "moduleNameMapper": {
        "/^@\/(.*)$/": "/Users/berat/Projects/CSE115A/vitae/$1"
      },
      "resolver": undefined
    }

      610 |   it("renders edit buttons for each DragItem", async () => {
      611 |     // We test by importing DragItem directly
    > 612 |     const { DragItem } = require("@/lib/resume-builder/DragItem")
          |                          ^
      613 |
      614 |     const item = makeWorkItem()
      615 |     const mockFn = jest.fn()

      at createNoMappedModuleFoundError (node_modules/jest-resolve/build/index.js:1117:17)
      at Object.require (__tests__/resume-builder/edit-override.test.tsx:612:26)

  ● Override Integration Flow › shows override indicator dot when item has override

    Configuration error:

    Could not locate module @/lib/resume-builder/DragItem mapped as:
    /Users/berat/Projects/CSE115A/vitae/$1.

    Please check your configuration for these entries:
    {
      "moduleNameMapper": {
        "/^@\/(.*)$/": "/Users/berat/Projects/CSE115A/vitae/$1"
      },
      "resolver": undefined
    }

      641 |
      642 |   it("shows override indicator dot when item has override", async () => {
    > 643 |     const { DragItem } = require("@/lib/resume-builder/DragItem")
          |                          ^
      644 |
      645 |     const item = makeWorkItem()
      646 |     const mockFn = jest.fn()

      at createNoMappedModuleFoundError (node_modules/jest-resolve/build/index.js:1117:17)
      at Object.require (__tests__/resume-builder/edit-override.test.tsx:643:26)

  ● Override Integration Flow › calls onEditOverride when edit button is clicked

    Configuration error:

    Could not locate module @/lib/resume-builder/DragItem mapped as:
    /Users/berat/Projects/CSE115A/vitae/$1.

    Please check your configuration for these entries:
    {
      "moduleNameMapper": {
        "/^@\/(.*)$/": "/Users/berat/Projects/CSE115A/vitae/$1"
      },
      "resolver": undefined
    }

      674 |
      675 |   it("calls onEditOverride when edit button is clicked", async () => {
    > 676 |     const { DragItem } = require("@/lib/resume-builder/DragItem")
          |                          ^
      677 |
      678 |     const item = makeWorkItem()
      679 |     const onEditOverride = jest.fn()

      at createNoMappedModuleFoundError (node_modules/jest-resolve/build/index.js:1117:17)
      at Object.require (__tests__/resume-builder/edit-override.test.tsx:676:26)

FAIL __tests__/canon/archive.test.ts
  ● Test suite failed to run

    Cannot find module '../../lib/canon/archiveApi' from '__tests__/canon/archive.test.ts'

      14 | import toast from "react-hot-toast"
      15 |
    > 16 | // Mock react-hot-toast
         |                     ^
      17 | jest.mock("react-hot-toast", () => ({
      18 |     error: jest.fn(),
      19 |     success: jest.fn(),

      at Resolver._throwModNotFoundError (node_modules/jest-resolve/build/index.js:863:11)
      at Object.<anonymous> (__tests__/canon/archive.test.ts:16:21)

PASS __tests__/canon/interaction.test.tsx
FAIL __tests__/versions/restore.test.tsx
  ● Test suite failed to run

    Cannot find module './UseDiff' from 'lib/versions/components/diff/DiffView.tsx'

    Require stack:
      lib/versions/components/diff/DiffView.tsx
      app/versions/versions-client.tsx
      __tests__/versions/restore.test.tsx

      12 |     versionBId,
      13 |     setVersionAId,
    > 14 |     setVersionBId,
         |                  ^
      15 |     versionAName,
      16 |     versionBName,
      17 |     diff,

      at Resolver._throwModNotFoundError (node_modules/jest-resolve/build/index.js:863:11)
      at Object.<anonymous> (lib/versions/components/diff/DiffView.tsx:14:18)
      at Object.<anonymous> (app/versions/versions-client.tsx:22:19)
      at Object.<anonymous> (__tests__/versions/restore.test.tsx:14:64)

FAIL __tests__/versions/versions-page.test.tsx
  ● Test suite failed to run

    Cannot find module './UseDiff' from 'lib/versions/components/diff/DiffView.tsx'

    Require stack:
      lib/versions/components/diff/DiffView.tsx
      app/versions/versions-client.tsx
      __tests__/versions/versions-page.test.tsx

      12 |     versionBId,
      13 |     setVersionAId,
    > 14 |     setVersionBId,
         |                  ^
      15 |     versionAName,
      16 |     versionBName,
      17 |     diff,

      at Resolver._throwModNotFoundError (node_modules/jest-resolve/build/index.js:863:11)
      at Object.<anonymous> (lib/versions/components/diff/DiffView.tsx:14:18)
      at Object.<anonymous> (app/versions/versions-client.tsx:22:19)
      at Object.<anonymous> (__tests__/versions/versions-page.test.tsx:10:64)

Summary of all failing tests
FAIL __tests__/resume-builder/resume-reorder.test.tsx
  ● Test suite failed to run

    Configuration error:

    Could not locate module @/app/resume/ResumeBuilderPreview mapped as:
    /Users/berat/Projects/CSE115A/vitae/$1.

    Please check your configuration for these entries:
    {
      "moduleNameMapper": {
        "/^@\/(.*)$/": "/Users/berat/Projects/CSE115A/vitae/$1"
      },
      "resolver": undefined
    }

      12 | })
      13 |
    > 14 | jest.mock("@/app/resume/ResumeBuilderPreview", () => ({
         |      ^
      15 |   ResumeBuilderPreview: ({ sections, profile }: any) => (
      16 |     <div data-testid="resume-preview">
      17 |       <div>Preview for {profile.name}</div>

      at createNoMappedModuleFoundError (node_modules/jest-resolve/build/index.js:1117:17)
      at Object.mock (__tests__/resume-builder/resume-reorder.test.tsx:14:6)

FAIL __tests__/resume-builder/edit-override.test.tsx
  ● Override Integration Flow › renders edit buttons for each DragItem

    Configuration error:

    Could not locate module @/lib/resume-builder/DragItem mapped as:
    /Users/berat/Projects/CSE115A/vitae/$1.

    Please check your configuration for these entries:
    {
      "moduleNameMapper": {
        "/^@\/(.*)$/": "/Users/berat/Projects/CSE115A/vitae/$1"
      },
      "resolver": undefined
    }

      610 |   it("renders edit buttons for each DragItem", async () => {
      611 |     // We test by importing DragItem directly
    > 612 |     const { DragItem } = require("@/lib/resume-builder/DragItem")
          |                          ^
      613 |
      614 |     const item = makeWorkItem()
      615 |     const mockFn = jest.fn()

      at createNoMappedModuleFoundError (node_modules/jest-resolve/build/index.js:1117:17)
      at Object.require (__tests__/resume-builder/edit-override.test.tsx:612:26)

  ● Override Integration Flow › shows override indicator dot when item has override

    Configuration error:

    Could not locate module @/lib/resume-builder/DragItem mapped as:
    /Users/berat/Projects/CSE115A/vitae/$1.

    Please check your configuration for these entries:
    {
      "moduleNameMapper": {
        "/^@\/(.*)$/": "/Users/berat/Projects/CSE115A/vitae/$1"
      },
      "resolver": undefined
    }

      641 |
      642 |   it("shows override indicator dot when item has override", async () => {
    > 643 |     const { DragItem } = require("@/lib/resume-builder/DragItem")
          |                          ^
      644 |
      645 |     const item = makeWorkItem()
      646 |     const mockFn = jest.fn()

      at createNoMappedModuleFoundError (node_modules/jest-resolve/build/index.js:1117:17)
      at Object.require (__tests__/resume-builder/edit-override.test.tsx:643:26)

  ● Override Integration Flow › calls onEditOverride when edit button is clicked

    Configuration error:

    Could not locate module @/lib/resume-builder/DragItem mapped as:
    /Users/berat/Projects/CSE115A/vitae/$1.

    Please check your configuration for these entries:
    {
      "moduleNameMapper": {
        "/^@\/(.*)$/": "/Users/berat/Projects/CSE115A/vitae/$1"
      },
      "resolver": undefined
    }

      674 |
      675 |   it("calls onEditOverride when edit button is clicked", async () => {
    > 676 |     const { DragItem } = require("@/lib/resume-builder/DragItem")
          |                          ^
      677 |
      678 |     const item = makeWorkItem()
      679 |     const onEditOverride = jest.fn()

      at createNoMappedModuleFoundError (node_modules/jest-resolve/build/index.js:1117:17)
      at Object.require (__tests__/resume-builder/edit-override.test.tsx:676:26)

FAIL __tests__/canon/archive.test.ts
  ● Test suite failed to run

    Cannot find module '../../lib/canon/archiveApi' from '__tests__/canon/archive.test.ts'

      14 | import toast from "react-hot-toast"
      15 |
    > 16 | // Mock react-hot-toast
         |                     ^
      17 | jest.mock("react-hot-toast", () => ({
      18 |     error: jest.fn(),
      19 |     success: jest.fn(),

      at Resolver._throwModNotFoundError (node_modules/jest-resolve/build/index.js:863:11)
      at Object.<anonymous> (__tests__/canon/archive.test.ts:16:21)

FAIL __tests__/versions/restore.test.tsx
  ● Test suite failed to run

    Cannot find module './UseDiff' from 'lib/versions/components/diff/DiffView.tsx'

    Require stack:
      lib/versions/components/diff/DiffView.tsx
      app/versions/versions-client.tsx
      __tests__/versions/restore.test.tsx

      12 |     versionBId,
      13 |     setVersionAId,
    > 14 |     setVersionBId,
         |                  ^
      15 |     versionAName,
      16 |     versionBName,
      17 |     diff,

      at Resolver._throwModNotFoundError (node_modules/jest-resolve/build/index.js:863:11)
      at Object.<anonymous> (lib/versions/components/diff/DiffView.tsx:14:18)
      at Object.<anonymous> (app/versions/versions-client.tsx:22:19)
      at Object.<anonymous> (__tests__/versions/restore.test.tsx:14:64)

FAIL __tests__/versions/versions-page.test.tsx
  ● Test suite failed to run

    Cannot find module './UseDiff' from 'lib/versions/components/diff/DiffView.tsx'

    Require stack:
      lib/versions/components/diff/DiffView.tsx
      app/versions/versions-client.tsx
      __tests__/versions/versions-page.test.tsx

      12 |     versionBId,
      13 |     setVersionAId,
    > 14 |     setVersionBId,
         |                  ^
      15 |     versionAName,
      16 |     versionBName,
      17 |     diff,

      at Resolver._throwModNotFoundError (node_modules/jest-resolve/build/index.js:863:11)
      at Object.<anonymous> (lib/versions/components/diff/DiffView.tsx:14:18)
      at Object.<anonymous> (app/versions/versions-client.tsx:22:19)
      at Object.<anonymous> (__tests__/versions/versions-page.test.tsx:10:64)


Test Suites: 5 failed, 18 passed, 23 total
Tests:       3 failed, 162 passed, 165 total
Snapshots:   0 total
Time:        1.811 s, estimated 2 s
Ran all test suites.
